// Jest Snapshot v1, https://goo.gl/fbAQLP

exports[`<DriverManagement /> matched with a snapshot 1`] = `
<div>
  <div
    class="p-3"
  >
    <div
      class="sc-iBkjds fkPMoV"
    >
      <div>
        <h4>
          DRIVER MANAGEMENT
        </h4>
        <p>
          Data driver yang bekerja dengan Anda.
        </p>
      </div>
      <div>
        <div
          class="sc-eCYdqJ kxiase"
        >
          <i
            class="bi bi-search"
          />
          <input
            class="sc-hKMtZM jgJAYT"
            placeholder="Cari Driver"
            type="text"
          />
        </div>
        <button
          class="sc-bczRLJ ibSIfR"
        >
          Tambah Driver
          <i
            class="bi bi-plus"
          />
        </button>
      </div>
    </div>
    <div
      class="overflow-auto"
    >
      <div
        class="sc-ftvSup cPgJwC py-4"
      >
        <div
          class="sc-gsnTZi fRWnZg"
        >
          <div
            class="p-3"
          >
            <div>
              Driver ID: 
              <span>
                190189-7872
              </span>
            </div>
            <i
              class="bi bi-three-dots"
            />
          </div>
          <hr />
          <div
            class="p-3"
          >
            <div
              class="sc-gKXOVf eyEorz"
            />
            <div
              class="sc-jSMfEi gpOzNi"
            >
              <span>
                Nama Driver
              </span>
              <span>
                Lærke Møller
              </span>
            </div>
            <div
              class="sc-jSMfEi gpOzNi"
            >
              <span>
                Telepon
              </span>
              <span>
                86873007
              </span>
            </div>
            <div
              class="sc-jSMfEi gpOzNi"
            >
              <span>
                Email
              </span>
              <span>
                laerke.moller@example.com
              </span>
            </div>
            <div
              class="sc-jSMfEi gpOzNi"
            >
              <span>
                Tanggal Lahir
              </span>
              <span>
                19-01-1989
              </span>
            </div>
          </div>
        </div>
        <div
          class="sc-gsnTZi fRWnZg"
        >
          <div
            class="p-3"
          >
            <div>
              Driver ID: 
              <span>
                2NNaN89996030 83
              </span>
            </div>
            <i
              class="bi bi-three-dots"
            />
          </div>
          <hr />
          <div
            class="p-3"
          >
            <div
              class="sc-gKXOVf iGccXp"
            />
            <div
              class="sc-jSMfEi gpOzNi"
            >
              <span>
                Nama Driver
              </span>
              <span>
                Emy Roy
              </span>
            </div>
            <div
              class="sc-jSMfEi gpOzNi"
            >
              <span>
                Telepon
              </span>
              <span>
                02-79-19-87-08
              </span>
            </div>
            <div
              class="sc-jSMfEi gpOzNi"
            >
              <span>
                Email
              </span>
              <span>
                emy.roy@example.com
              </span>
            </div>
            <div
              class="sc-jSMfEi gpOzNi"
            >
              <span>
                Tanggal Lahir
              </span>
              <span>
                13-03-1981
              </span>
            </div>
          </div>
        </div>
        <div
          class="sc-gsnTZi fRWnZg"
        >
          <div
            class="p-3"
          >
            <div>
              Driver ID: 
              <span>
                756.4326.2292.22
              </span>
            </div>
            <i
              class="bi bi-three-dots"
            />
          </div>
          <hr />
          <div
            class="p-3"
          >
            <div
              class="sc-gKXOVf gZqCaq"
            />
            <div
              class="sc-jSMfEi gpOzNi"
            >
              <span>
                Nama Driver
              </span>
              <span>
                Ethan Deschamps
              </span>
            </div>
            <div
              class="sc-jSMfEi gpOzNi"
            >
              <span>
                Telepon
              </span>
              <span>
                079 423 42 69
              </span>
            </div>
            <div
              class="sc-jSMfEi gpOzNi"
            >
              <span>
                Email
              </span>
              <span>
                ethan.deschamps@example.com
              </span>
            </div>
            <div
              class="sc-jSMfEi gpOzNi"
            >
              <span>
                Tanggal Lahir
              </span>
              <span>
                23-03-1946
              </span>
            </div>
          </div>
        </div>
        <div
          class="sc-gsnTZi fRWnZg"
        >
          <div
            class="p-3"
          >
            <div>
              Driver ID: 
              <span>
                756.4246.8977.07
              </span>
            </div>
            <i
              class="bi bi-three-dots"
            />
          </div>
          <hr />
          <div
            class="p-3"
          >
            <div
              class="sc-gKXOVf kIrJFT"
            />
            <div
              class="sc-jSMfEi gpOzNi"
            >
              <span>
                Nama Driver
              </span>
              <span>
                Roswitha Rodriguez
              </span>
            </div>
            <div
              class="sc-jSMfEi gpOzNi"
            >
              <span>
                Telepon
              </span>
              <span>
                078 675 14 49
              </span>
            </div>
            <div
              class="sc-jSMfEi gpOzNi"
            >
              <span>
                Email
              </span>
              <span>
                roswitha.rodriguez@example.com
              </span>
            </div>
            <div
              class="sc-jSMfEi gpOzNi"
            >
              <span>
                Tanggal Lahir
              </span>
              <span>
                24-10-1945
              </span>
            </div>
          </div>
        </div>
        <div
          class="sc-gsnTZi fRWnZg"
        >
          <div
            class="p-3"
          >
            <div>
              Driver ID: 
              <span>
                --
              </span>
            </div>
            <i
              class="bi bi-three-dots"
            />
          </div>
          <hr />
          <div
            class="p-3"
          >
            <div
              class="sc-gKXOVf kbBlRh"
            />
            <div
              class="sc-jSMfEi gpOzNi"
            >
              <span>
                Nama Driver
              </span>
              <span>
                Evangelos Freese
              </span>
            </div>
            <div
              class="sc-jSMfEi gpOzNi"
            >
              <span>
                Telepon
              </span>
              <span>
                0013-7478209
              </span>
            </div>
            <div
              class="sc-jSMfEi gpOzNi"
            >
              <span>
                Email
              </span>
              <span>
                evangelos.freese@example.com
              </span>
            </div>
            <div
              class="sc-jSMfEi gpOzNi"
            >
              <span>
                Tanggal Lahir
              </span>
              <span>
                08-03-1963
              </span>
            </div>
          </div>
        </div>
        <div
          class="sc-gsnTZi fRWnZg"
        >
          <div
            class="p-3"
          >
            <div>
              Driver ID: 
              <span>
                268425879
              </span>
            </div>
            <i
              class="bi bi-three-dots"
            />
          </div>
          <hr />
          <div
            class="p-3"
          >
            <div
              class="sc-gKXOVf gWaBWe"
            />
            <div
              class="sc-jSMfEi gpOzNi"
            >
              <span>
                Nama Driver
              </span>
              <span>
                Alex Ellis
              </span>
            </div>
            <div
              class="sc-jSMfEi gpOzNi"
            >
              <span>
                Telepon
              </span>
              <span>
                01-0233-4730
              </span>
            </div>
            <div
              class="sc-jSMfEi gpOzNi"
            >
              <span>
                Email
              </span>
              <span>
                alex.ellis@example.com
              </span>
            </div>
            <div
              class="sc-jSMfEi gpOzNi"
            >
              <span>
                Tanggal Lahir
              </span>
              <span>
                23-04-1978
              </span>
            </div>
          </div>
        </div>
        <div
          class="sc-gsnTZi fRWnZg"
        >
          <div
            class="p-3"
          >
            <div>
              Driver ID: 
              <span>
                5994702T
              </span>
            </div>
            <i
              class="bi bi-three-dots"
            />
          </div>
          <hr />
          <div
            class="p-3"
          >
            <div
              class="sc-gKXOVf cYropy"
            />
            <div
              class="sc-jSMfEi gpOzNi"
            >
              <span>
                Nama Driver
              </span>
              <span>
                Kathleen Mcdonalid
              </span>
            </div>
            <div
              class="sc-jSMfEi gpOzNi"
            >
              <span>
                Telepon
              </span>
              <span>
                051-531-8971
              </span>
            </div>
            <div
              class="sc-jSMfEi gpOzNi"
            >
              <span>
                Email
              </span>
              <span>
                kathleen.mcdonalid@example.com
              </span>
            </div>
            <div
              class="sc-jSMfEi gpOzNi"
            >
              <span>
                Tanggal Lahir
              </span>
              <span>
                04-04-1966
              </span>
            </div>
          </div>
        </div>
        <div
          class="sc-gsnTZi fRWnZg"
        >
          <div
            class="p-3"
          >
            <div>
              Driver ID: 
              <span>
                130448-2199
              </span>
            </div>
            <i
              class="bi bi-three-dots"
            />
          </div>
          <hr />
          <div
            class="p-3"
          >
            <div
              class="sc-gKXOVf hiPokj"
            />
            <div
              class="sc-jSMfEi gpOzNi"
            >
              <span>
                Nama Driver
              </span>
              <span>
                Emil Poulsen
              </span>
            </div>
            <div
              class="sc-jSMfEi gpOzNi"
            >
              <span>
                Telepon
              </span>
              <span>
                04303035
              </span>
            </div>
            <div
              class="sc-jSMfEi gpOzNi"
            >
              <span>
                Email
              </span>
              <span>
                emil.poulsen@example.com
              </span>
            </div>
            <div
              class="sc-jSMfEi gpOzNi"
            >
              <span>
                Tanggal Lahir
              </span>
              <span>
                13-04-1948
              </span>
            </div>
          </div>
        </div>
        <div
          class="sc-gsnTZi fRWnZg"
        >
          <div
            class="p-3"
          >
            <div>
              Driver ID: 
              <span>
                --
              </span>
            </div>
            <i
              class="bi bi-three-dots"
            />
          </div>
          <hr />
          <div
            class="p-3"
          >
            <div
              class="sc-gKXOVf jtWuYx"
            />
            <div
              class="sc-jSMfEi gpOzNi"
            >
              <span>
                Nama Driver
              </span>
              <span>
                Harper Chan
              </span>
            </div>
            <div
              class="sc-jSMfEi gpOzNi"
            >
              <span>
                Telepon
              </span>
              <span>
                328-357-5297
              </span>
            </div>
            <div
              class="sc-jSMfEi gpOzNi"
            >
              <span>
                Email
              </span>
              <span>
                harper.chan@example.com
              </span>
            </div>
            <div
              class="sc-jSMfEi gpOzNi"
            >
              <span>
                Tanggal Lahir
              </span>
              <span>
                23-05-1964
              </span>
            </div>
          </div>
        </div>
        <div
          class="sc-gsnTZi fRWnZg"
        >
          <div
            class="p-3"
          >
            <div>
              Driver ID: 
              <span>
                NaNNA019undefined
              </span>
            </div>
            <i
              class="bi bi-three-dots"
            />
          </div>
          <hr />
          <div
            class="p-3"
          >
            <div
              class="sc-gKXOVf dsMQri"
            />
            <div
              class="sc-jSMfEi gpOzNi"
            >
              <span>
                Nama Driver
              </span>
              <span>
                Samu Hannula
              </span>
            </div>
            <div
              class="sc-jSMfEi gpOzNi"
            >
              <span>
                Telepon
              </span>
              <span>
                05-232-143
              </span>
            </div>
            <div
              class="sc-jSMfEi gpOzNi"
            >
              <span>
                Email
              </span>
              <span>
                samu.hannula@example.com
              </span>
            </div>
            <div
              class="sc-jSMfEi gpOzNi"
            >
              <span>
                Tanggal Lahir
              </span>
              <span>
                16-12-1979
              </span>
            </div>
          </div>
        </div>
        <div
          class="sc-gsnTZi fRWnZg"
        >
          <div
            class="p-3"
          >
            <div>
              Driver ID: 
              <span>
                35445583-H
              </span>
            </div>
            <i
              class="bi bi-three-dots"
            />
          </div>
          <hr />
          <div
            class="p-3"
          >
            <div
              class="sc-gKXOVf dA-DwCv"
            />
            <div
              class="sc-jSMfEi gpOzNi"
            >
              <span>
                Nama Driver
              </span>
              <span>
                Begoña Duran
              </span>
            </div>
            <div
              class="sc-jSMfEi gpOzNi"
            >
              <span>
                Telepon
              </span>
              <span>
                977-171-556
              </span>
            </div>
            <div
              class="sc-jSMfEi gpOzNi"
            >
              <span>
                Email
              </span>
              <span>
                begona.duran@example.com
              </span>
            </div>
            <div
              class="sc-jSMfEi gpOzNi"
            >
              <span>
                Tanggal Lahir
              </span>
              <span>
                13-07-1953
              </span>
            </div>
          </div>
        </div>
        <div
          class="sc-gsnTZi fRWnZg"
        >
          <div
            class="p-3"
          >
            <div>
              Driver ID: 
              <span>
                74518695
              </span>
            </div>
            <i
              class="bi bi-three-dots"
            />
          </div>
          <hr />
          <div
            class="p-3"
          >
            <div
              class="sc-gKXOVf gmtuVo"
            />
            <div
              class="sc-jSMfEi gpOzNi"
            >
              <span>
                Nama Driver
              </span>
              <span>
                Vidar Naarden
              </span>
            </div>
            <div
              class="sc-jSMfEi gpOzNi"
            >
              <span>
                Telepon
              </span>
              <span>
                (960)-268-4362
              </span>
            </div>
            <div
              class="sc-jSMfEi gpOzNi"
            >
              <span>
                Email
              </span>
              <span>
                vidar.naarden@example.com
              </span>
            </div>
            <div
              class="sc-jSMfEi gpOzNi"
            >
              <span>
                Tanggal Lahir
              </span>
              <span>
                26-05-1951
              </span>
            </div>
          </div>
        </div>
        <div
          class="sc-gsnTZi fRWnZg"
        >
          <div
            class="p-3"
          >
            <div>
              Driver ID: 
              <span>
                76156656
              </span>
            </div>
            <i
              class="bi bi-three-dots"
            />
          </div>
          <hr />
          <div
            class="p-3"
          >
            <div
              class="sc-gKXOVf kKCOQq"
            />
            <div
              class="sc-jSMfEi gpOzNi"
            >
              <span>
                Nama Driver
              </span>
              <span>
                Aysegül Scheerder
              </span>
            </div>
            <div
              class="sc-jSMfEi gpOzNi"
            >
              <span>
                Telepon
              </span>
              <span>
                (893)-655-6251
              </span>
            </div>
            <div
              class="sc-jSMfEi gpOzNi"
            >
              <span>
                Email
              </span>
              <span>
                aysegul.scheerder@example.com
              </span>
            </div>
            <div
              class="sc-jSMfEi gpOzNi"
            >
              <span>
                Tanggal Lahir
              </span>
              <span>
                05-05-1945
              </span>
            </div>
          </div>
        </div>
        <div
          class="sc-gsnTZi fRWnZg"
        >
          <div
            class="p-3"
          >
            <div>
              Driver ID: 
              <span>
                0240404T
              </span>
            </div>
            <i
              class="bi bi-three-dots"
            />
          </div>
          <hr />
          <div
            class="p-3"
          >
            <div
              class="sc-gKXOVf iMkQPa"
            />
            <div
              class="sc-jSMfEi gpOzNi"
            >
              <span>
                Nama Driver
              </span>
              <span>
                Kenneth Cunningham
              </span>
            </div>
            <div
              class="sc-jSMfEi gpOzNi"
            >
              <span>
                Telepon
              </span>
              <span>
                011-571-5078
              </span>
            </div>
            <div
              class="sc-jSMfEi gpOzNi"
            >
              <span>
                Email
              </span>
              <span>
                kenneth.cunningham@example.com
              </span>
            </div>
            <div
              class="sc-jSMfEi gpOzNi"
            >
              <span>
                Tanggal Lahir
              </span>
              <span>
                26-04-1948
              </span>
            </div>
          </div>
        </div>
        <div
          class="sc-gsnTZi fRWnZg"
        >
          <div
            class="p-3"
          >
            <div>
              Driver ID: 
              <span>
                07721833-J
              </span>
            </div>
            <i
              class="bi bi-three-dots"
            />
          </div>
          <hr />
          <div
            class="p-3"
          >
            <div
              class="sc-gKXOVf eqGLBW"
            />
            <div
              class="sc-jSMfEi gpOzNi"
            >
              <span>
                Nama Driver
              </span>
              <span>
                Cristian Torres
              </span>
            </div>
            <div
              class="sc-jSMfEi gpOzNi"
            >
              <span>
                Telepon
              </span>
              <span>
                904-319-866
              </span>
            </div>
            <div
              class="sc-jSMfEi gpOzNi"
            >
              <span>
                Email
              </span>
              <span>
                cristian.torres@example.com
              </span>
            </div>
            <div
              class="sc-jSMfEi gpOzNi"
            >
              <span>
                Tanggal Lahir
              </span>
              <span>
                19-03-1998
              </span>
            </div>
          </div>
        </div>
        <div
          class="sc-gsnTZi fRWnZg"
        >
          <div
            class="p-3"
          >
            <div>
              Driver ID: 
              <span>
                --
              </span>
            </div>
            <i
              class="bi bi-three-dots"
            />
          </div>
          <hr />
          <div
            class="p-3"
          >
            <div
              class="sc-gKXOVf gYPdVH"
            />
            <div
              class="sc-jSMfEi gpOzNi"
            >
              <span>
                Nama Driver
              </span>
              <span>
                Kadir Kuzucu
              </span>
            </div>
            <div
              class="sc-jSMfEi gpOzNi"
            >
              <span>
                Telepon
              </span>
              <span>
                (149)-988-4231
              </span>
            </div>
            <div
              class="sc-jSMfEi gpOzNi"
            >
              <span>
                Email
              </span>
              <span>
                kadir.kuzucu@example.com
              </span>
            </div>
            <div
              class="sc-jSMfEi gpOzNi"
            >
              <span>
                Tanggal Lahir
              </span>
              <span>
                15-08-1997
              </span>
            </div>
          </div>
        </div>
        <div
          class="sc-gsnTZi fRWnZg"
        >
          <div
            class="p-3"
          >
            <div>
              Driver ID: 
              <span>
                09086113314
              </span>
            </div>
            <i
              class="bi bi-three-dots"
            />
          </div>
          <hr />
          <div
            class="p-3"
          >
            <div
              class="sc-gKXOVf ctLplp"
            />
            <div
              class="sc-jSMfEi gpOzNi"
            >
              <span>
                Nama Driver
              </span>
              <span>
                Sølve Strømmen
              </span>
            </div>
            <div
              class="sc-jSMfEi gpOzNi"
            >
              <span>
                Telepon
              </span>
              <span>
                35493065
              </span>
            </div>
            <div
              class="sc-jSMfEi gpOzNi"
            >
              <span>
                Email
              </span>
              <span>
                solve.strommen@example.com
              </span>
            </div>
            <div
              class="sc-jSMfEi gpOzNi"
            >
              <span>
                Tanggal Lahir
              </span>
              <span>
                10-08-1961
              </span>
            </div>
          </div>
        </div>
        <div
          class="sc-gsnTZi fRWnZg"
        >
          <div
            class="p-3"
          >
            <div>
              Driver ID: 
              <span>
                2NNaN28187328 61
              </span>
            </div>
            <i
              class="bi bi-three-dots"
            />
          </div>
          <hr />
          <div
            class="p-3"
          >
            <div
              class="sc-gKXOVf diQBCP"
            />
            <div
              class="sc-jSMfEi gpOzNi"
            >
              <span>
                Nama Driver
              </span>
              <span>
                Stella Fabre
              </span>
            </div>
            <div
              class="sc-jSMfEi gpOzNi"
            >
              <span>
                Telepon
              </span>
              <span>
                04-46-68-07-60
              </span>
            </div>
            <div
              class="sc-jSMfEi gpOzNi"
            >
              <span>
                Email
              </span>
              <span>
                stella.fabre@example.com
              </span>
            </div>
            <div
              class="sc-jSMfEi gpOzNi"
            >
              <span>
                Tanggal Lahir
              </span>
              <span>
                09-03-1952
              </span>
            </div>
          </div>
        </div>
        <div
          class="sc-gsnTZi fRWnZg"
        >
          <div
            class="p-3"
          >
            <div>
              Driver ID: 
              <span>
                --
              </span>
            </div>
            <i
              class="bi bi-three-dots"
            />
          </div>
          <hr />
          <div
            class="p-3"
          >
            <div
              class="sc-gKXOVf fjfheb"
            />
            <div
              class="sc-jSMfEi gpOzNi"
            >
              <span>
                Nama Driver
              </span>
              <span>
                Liliane Barbosa
              </span>
            </div>
            <div
              class="sc-jSMfEi gpOzNi"
            >
              <span>
                Telepon
              </span>
              <span>
                (16) 5117-2019
              </span>
            </div>
            <div
              class="sc-jSMfEi gpOzNi"
            >
              <span>
                Email
              </span>
              <span>
                liliane.barbosa@example.com
              </span>
            </div>
            <div
              class="sc-jSMfEi gpOzNi"
            >
              <span>
                Tanggal Lahir
              </span>
              <span>
                06-08-1950
              </span>
            </div>
          </div>
        </div>
        <div
          class="sc-gsnTZi fRWnZg"
        >
          <div
            class="p-3"
          >
            <div>
              Driver ID: 
              <span>
                302525948
              </span>
            </div>
            <i
              class="bi bi-three-dots"
            />
          </div>
          <hr />
          <div
            class="p-3"
          >
            <div
              class="sc-gKXOVf kxfStx"
            />
            <div
              class="sc-jSMfEi gpOzNi"
            >
              <span>
                Nama Driver
              </span>
              <span>
                Judith Fleming
              </span>
            </div>
            <div
              class="sc-jSMfEi gpOzNi"
            >
              <span>
                Telepon
              </span>
              <span>
                06-3776-2491
              </span>
            </div>
            <div
              class="sc-jSMfEi gpOzNi"
            >
              <span>
                Email
              </span>
              <span>
                judith.fleming@example.com
              </span>
            </div>
            <div
              class="sc-jSMfEi gpOzNi"
            >
              <span>
                Tanggal Lahir
              </span>
              <span>
                16-07-1957
              </span>
            </div>
          </div>
        </div>
        <div
          class="sc-gsnTZi fRWnZg"
        >
          <div
            class="p-3"
          >
            <div>
              Driver ID: 
              <span>
                --
              </span>
            </div>
            <i
              class="bi bi-three-dots"
            />
          </div>
          <hr />
          <div
            class="p-3"
          >
            <div
              class="sc-gKXOVf iOKIws"
            />
            <div
              class="sc-jSMfEi gpOzNi"
            >
              <span>
                Nama Driver
              </span>
              <span>
                Clarissa Rezende
              </span>
            </div>
            <div
              class="sc-jSMfEi gpOzNi"
            >
              <span>
                Telepon
              </span>
              <span>
                (90) 0664-9471
              </span>
            </div>
            <div
              class="sc-jSMfEi gpOzNi"
            >
              <span>
                Email
              </span>
              <span>
                clarissa.rezende@example.com
              </span>
            </div>
            <div
              class="sc-jSMfEi gpOzNi"
            >
              <span>
                Tanggal Lahir
              </span>
              <span>
                28-03-1972
              </span>
            </div>
          </div>
        </div>
        <div
          class="sc-gsnTZi fRWnZg"
        >
          <div
            class="p-3"
          >
            <div>
              Driver ID: 
              <span>
                --
              </span>
            </div>
            <i
              class="bi bi-three-dots"
            />
          </div>
          <hr />
          <div
            class="p-3"
          >
            <div
              class="sc-gKXOVf kIrJFT"
            />
            <div
              class="sc-jSMfEi gpOzNi"
            >
              <span>
                Nama Driver
              </span>
              <span>
                Kleianne da Luz
              </span>
            </div>
            <div
              class="sc-jSMfEi gpOzNi"
            >
              <span>
                Telepon
              </span>
              <span>
                (48) 5054-8695
              </span>
            </div>
            <div
              class="sc-jSMfEi gpOzNi"
            >
              <span>
                Email
              </span>
              <span>
                kleianne.daluz@example.com
              </span>
            </div>
            <div
              class="sc-jSMfEi gpOzNi"
            >
              <span>
                Tanggal Lahir
              </span>
              <span>
                29-06-1974
              </span>
            </div>
          </div>
        </div>
        <div
          class="sc-gsnTZi fRWnZg"
        >
          <div
            class="p-3"
          >
            <div>
              Driver ID: 
              <span>
                194-53-0966
              </span>
            </div>
            <i
              class="bi bi-three-dots"
            />
          </div>
          <hr />
          <div
            class="p-3"
          >
            <div
              class="sc-gKXOVf epnnlA"
            />
            <div
              class="sc-jSMfEi gpOzNi"
            >
              <span>
                Nama Driver
              </span>
              <span>
                Gabriel Alexander
              </span>
            </div>
            <div
              class="sc-jSMfEi gpOzNi"
            >
              <span>
                Telepon
              </span>
              <span>
                (415)-862-3308
              </span>
            </div>
            <div
              class="sc-jSMfEi gpOzNi"
            >
              <span>
                Email
              </span>
              <span>
                gabriel.alexander@example.com
              </span>
            </div>
            <div
              class="sc-jSMfEi gpOzNi"
            >
              <span>
                Tanggal Lahir
              </span>
              <span>
                08-03-1974
              </span>
            </div>
          </div>
        </div>
        <div
          class="sc-gsnTZi fRWnZg"
        >
          <div
            class="p-3"
          >
            <div>
              Driver ID: 
              <span>
                NaNNA632undefined
              </span>
            </div>
            <i
              class="bi bi-three-dots"
            />
          </div>
          <hr />
          <div
            class="p-3"
          >
            <div
              class="sc-gKXOVf byLPrh"
            />
            <div
              class="sc-jSMfEi gpOzNi"
            >
              <span>
                Nama Driver
              </span>
              <span>
                Vilma Rantanen
              </span>
            </div>
            <div
              class="sc-jSMfEi gpOzNi"
            >
              <span>
                Telepon
              </span>
              <span>
                09-630-225
              </span>
            </div>
            <div
              class="sc-jSMfEi gpOzNi"
            >
              <span>
                Email
              </span>
              <span>
                vilma.rantanen@example.com
              </span>
            </div>
            <div
              class="sc-jSMfEi gpOzNi"
            >
              <span>
                Tanggal Lahir
              </span>
              <span>
                13-06-1976
              </span>
            </div>
          </div>
        </div>
        <div
          class="sc-gsnTZi fRWnZg"
        >
          <div
            class="p-3"
          >
            <div>
              Driver ID: 
              <span>
                756.6728.5912.03
              </span>
            </div>
            <i
              class="bi bi-three-dots"
            />
          </div>
          <hr />
          <div
            class="p-3"
          >
            <div
              class="sc-gKXOVf iOKIws"
            />
            <div
              class="sc-jSMfEi gpOzNi"
            >
              <span>
                Nama Driver
              </span>
              <span>
                Sarina Moulin
              </span>
            </div>
            <div
              class="sc-jSMfEi gpOzNi"
            >
              <span>
                Telepon
              </span>
              <span>
                075 348 96 87
              </span>
            </div>
            <div
              class="sc-jSMfEi gpOzNi"
            >
              <span>
                Email
              </span>
              <span>
                sarina.moulin@example.com
              </span>
            </div>
            <div
              class="sc-jSMfEi gpOzNi"
            >
              <span>
                Tanggal Lahir
              </span>
              <span>
                19-12-1983
              </span>
            </div>
          </div>
        </div>
        <div
          class="sc-gsnTZi fRWnZg"
        >
          <div
            class="p-3"
          >
            <div>
              Driver ID: 
              <span>
                MX 91 89 80 E
              </span>
            </div>
            <i
              class="bi bi-three-dots"
            />
          </div>
          <hr />
          <div
            class="p-3"
          >
            <div
              class="sc-gKXOVf fcHjFy"
            />
            <div
              class="sc-jSMfEi gpOzNi"
            >
              <span>
                Nama Driver
              </span>
              <span>
                Art West
              </span>
            </div>
            <div
              class="sc-jSMfEi gpOzNi"
            >
              <span>
                Telepon
              </span>
              <span>
                015242 06280
              </span>
            </div>
            <div
              class="sc-jSMfEi gpOzNi"
            >
              <span>
                Email
              </span>
              <span>
                art.west@example.com
              </span>
            </div>
            <div
              class="sc-jSMfEi gpOzNi"
            >
              <span>
                Tanggal Lahir
              </span>
              <span>
                29-08-1946
              </span>
            </div>
          </div>
        </div>
        <div
          class="sc-gsnTZi fRWnZg"
        >
          <div
            class="p-3"
          >
            <div>
              Driver ID: 
              <span>
                2NNaN76594074 77
              </span>
            </div>
            <i
              class="bi bi-three-dots"
            />
          </div>
          <hr />
          <div
            class="p-3"
          >
            <div
              class="sc-gKXOVf hGkHin"
            />
            <div
              class="sc-jSMfEi gpOzNi"
            >
              <span>
                Nama Driver
              </span>
              <span>
                Manon Lemoine
              </span>
            </div>
            <div
              class="sc-jSMfEi gpOzNi"
            >
              <span>
                Telepon
              </span>
              <span>
                02-06-84-69-51
              </span>
            </div>
            <div
              class="sc-jSMfEi gpOzNi"
            >
              <span>
                Email
              </span>
              <span>
                manon.lemoine@example.com
              </span>
            </div>
            <div
              class="sc-jSMfEi gpOzNi"
            >
              <span>
                Tanggal Lahir
              </span>
              <span>
                15-03-1978
              </span>
            </div>
          </div>
        </div>
        <div
          class="sc-gsnTZi fRWnZg"
        >
          <div
            class="p-3"
          >
            <div>
              Driver ID: 
              <span>
                NaNNA590undefined
              </span>
            </div>
            <i
              class="bi bi-three-dots"
            />
          </div>
          <hr />
          <div
            class="p-3"
          >
            <div
              class="sc-gKXOVf fiUYkb"
            />
            <div
              class="sc-jSMfEi gpOzNi"
            >
              <span>
                Nama Driver
              </span>
              <span>
                Peppi Kujala
              </span>
            </div>
            <div
              class="sc-jSMfEi gpOzNi"
            >
              <span>
                Telepon
              </span>
              <span>
                02-761-081
              </span>
            </div>
            <div
              class="sc-jSMfEi gpOzNi"
            >
              <span>
                Email
              </span>
              <span>
                peppi.kujala@example.com
              </span>
            </div>
            <div
              class="sc-jSMfEi gpOzNi"
            >
              <span>
                Tanggal Lahir
              </span>
              <span>
                23-11-1959
              </span>
            </div>
          </div>
        </div>
        <div
          class="sc-gsnTZi fRWnZg"
        >
          <div
            class="p-3"
          >
            <div>
              Driver ID: 
              <span>
                NaNNA939undefined
              </span>
            </div>
            <i
              class="bi bi-three-dots"
            />
          </div>
          <hr />
          <div
            class="p-3"
          >
            <div
              class="sc-gKXOVf fraCPJ"
            />
            <div
              class="sc-jSMfEi gpOzNi"
            >
              <span>
                Nama Driver
              </span>
              <span>
                Nooa Couri
              </span>
            </div>
            <div
              class="sc-jSMfEi gpOzNi"
            >
              <span>
                Telepon
              </span>
              <span>
                07-054-993
              </span>
            </div>
            <div
              class="sc-jSMfEi gpOzNi"
            >
              <span>
                Email
              </span>
              <span>
                nooa.couri@example.com
              </span>
            </div>
            <div
              class="sc-jSMfEi gpOzNi"
            >
              <span>
                Tanggal Lahir
              </span>
              <span>
                07-09-1985
              </span>
            </div>
          </div>
        </div>
        <div
          class="sc-gsnTZi fRWnZg"
        >
          <div
            class="p-3"
          >
            <div>
              Driver ID: 
              <span>
                NaNNA002undefined
              </span>
            </div>
            <i
              class="bi bi-three-dots"
            />
          </div>
          <hr />
          <div
            class="p-3"
          >
            <div
              class="sc-gKXOVf jSqcbo"
            />
            <div
              class="sc-jSMfEi gpOzNi"
            >
              <span>
                Nama Driver
              </span>
              <span>
                Peppi Niskanen
              </span>
            </div>
            <div
              class="sc-jSMfEi gpOzNi"
            >
              <span>
                Telepon
              </span>
              <span>
                05-753-715
              </span>
            </div>
            <div
              class="sc-jSMfEi gpOzNi"
            >
              <span>
                Email
              </span>
              <span>
                peppi.niskanen@example.com
              </span>
            </div>
            <div
              class="sc-jSMfEi gpOzNi"
            >
              <span>
                Tanggal Lahir
              </span>
              <span>
                22-04-1961
              </span>
            </div>
          </div>
        </div>
      </div>
    </div>
    <div
      class="d-flex justify-content-center py-4"
    >
      <button
        class="sc-bczRLJ hLpeoy"
        disabled=""
      >
        <i
          class="bi bi-chevron-left"
        />
        Previous Page
      </button>
      <button
        class="sc-bczRLJ hLpeoy"
        disabled=""
      >
        Next Page
        <i
          class="bi bi-chevron-right"
        />
      </button>
    </div>
  </div>
</div>
`;
